error[E0277]: `Option<{integer}>` doesn't implement `std::fmt::Display`
  --> $DIR/format-args-argument-span.rs:13:21
   |
LL |     println!("{x:?} {x} {x:?}");
   |                     ^^^ `Option<{integer}>` cannot be formatted with the default formatter
   |
   = help: the trait `std::fmt::Display` is not implemented for `Option<{integer}>`
   = note: in format strings you may be able to use `{:?}` (or {:#?} for pretty-print) instead
   = note: this error originates in the macro `$crate::format_args_nl` which comes from the expansion of the macro `println` (in Nightly builds, run with -Z macro-backtrace for more info)

error[E0277]: `Option<{integer}>` doesn't implement `std::fmt::Display`
  --> $DIR/format-args-argument-span.rs:13:5
   |
LL |     println!("{x:?} {x} {x:?}");
   |     ^^^^^^^^^^^^^^^^^^^^^^^^^^^ `Option<{integer}>` cannot be formatted with the default formatter
   |
   = help: the trait `std::fmt::Display` is not implemented for `Option<{integer}>`
   = note: in format strings you may be able to use `{:?}` (or {:#?} for pretty-print) instead
   = help: the following other types implement trait `core::fmt::rt::FmtOp`:
             core::fmt::rt::FmtDebug<T, F>
             core::fmt::rt::FmtDebug<T, core::fmt::rt::End>
   = note: this error originates in the macro `$crate::format_args_nl` which comes from the expansion of the macro `println` (in Nightly builds, run with -Z macro-backtrace for more info)

error[E0277]: `Option<{integer}>` doesn't implement `std::fmt::Display`
  --> $DIR/format-args-argument-span.rs:15:37
   |
LL |     println!("{x:?} {x} {x:?}", x = Some(1));
   |                                     ^^^^^^^ `Option<{integer}>` cannot be formatted with the default formatter
   |
   = help: the trait `std::fmt::Display` is not implemented for `Option<{integer}>`
   = note: in format strings you may be able to use `{:?}` (or {:#?} for pretty-print) instead
   = note: this error originates in the macro `$crate::format_args_nl` which comes from the expansion of the macro `println` (in Nightly builds, run with -Z macro-backtrace for more info)

error[E0277]: `Option<{integer}>` doesn't implement `std::fmt::Display`
  --> $DIR/format-args-argument-span.rs:15:5
   |
LL |     println!("{x:?} {x} {x:?}", x = Some(1));
   |     ^^^^^^^^^^^^^^^^^^^^^^^^^^^^^^^^^^^^^^^^ `Option<{integer}>` cannot be formatted with the default formatter
   |
   = help: the trait `std::fmt::Display` is not implemented for `Option<{integer}>`
   = note: in format strings you may be able to use `{:?}` (or {:#?} for pretty-print) instead
   = help: the following other types implement trait `core::fmt::rt::FmtOp`:
             core::fmt::rt::FmtDebug<T, F>
             core::fmt::rt::FmtDebug<T, core::fmt::rt::End>
   = note: this error originates in the macro `$crate::format_args_nl` which comes from the expansion of the macro `println` (in Nightly builds, run with -Z macro-backtrace for more info)

error[E0277]: `DisplayOnly` doesn't implement `Debug`
  --> $DIR/format-args-argument-span.rs:18:19
   |
LL |     println!("{x} {x:?} {x}");
   |                   ^^^^^ `DisplayOnly` cannot be formatted using `{:?}`
   |
   = help: the trait `Debug` is not implemented for `DisplayOnly`
   = note: add `#[derive(Debug)]` to `DisplayOnly` or manually `impl Debug for DisplayOnly`
   = note: this error originates in the macro `$crate::format_args_nl` which comes from the expansion of the macro `println` (in Nightly builds, run with -Z macro-backtrace for more info)
help: consider annotating `DisplayOnly` with `#[derive(Debug)]`
   |
LL + #[derive(Debug)]
LL | struct DisplayOnly;
   |

error[E0277]: `DisplayOnly` doesn't implement `Debug`
  --> $DIR/format-args-argument-span.rs:18:5
   |
LL |     println!("{x} {x:?} {x}");
   |     ^^^^^^^^^^^^^^^^^^^^^^^^^ `DisplayOnly` cannot be formatted using `{:?}`
   |
   = help: the trait `Debug` is not implemented for `DisplayOnly`
   = note: add `#[derive(Debug)]` to `DisplayOnly` or manually `impl Debug for DisplayOnly`
   = help: the following other types implement trait `core::fmt::rt::FmtOp`:
             core::fmt::rt::FmtDisplay<T, F>
             core::fmt::rt::FmtDisplay<T, core::fmt::rt::End>
   = note: this error originates in the macro `$crate::format_args_nl` which comes from the expansion of the macro `println` (in Nightly builds, run with -Z macro-backtrace for more info)
help: consider annotating `DisplayOnly` with `#[derive(Debug)]`
   |
LL + #[derive(Debug)]
LL | struct DisplayOnly;
   |

error[E0277]: `DisplayOnly` doesn't implement `Debug`
  --> $DIR/format-args-argument-span.rs:20:35
   |
LL |     println!("{x} {x:?} {x}", x = DisplayOnly);
   |                                   ^^^^^^^^^^^ `DisplayOnly` cannot be formatted using `{:?}`
   |
   = help: the trait `Debug` is not implemented for `DisplayOnly`
   = note: add `#[derive(Debug)]` to `DisplayOnly` or manually `impl Debug for DisplayOnly`
   = note: this error originates in the macro `$crate::format_args_nl` which comes from the expansion of the macro `println` (in Nightly builds, run with -Z macro-backtrace for more info)
help: consider annotating `DisplayOnly` with `#[derive(Debug)]`
   |
LL + #[derive(Debug)]
LL | struct DisplayOnly;
   |

error[E0277]: `DisplayOnly` doesn't implement `Debug`
  --> $DIR/format-args-argument-span.rs:20:5
   |
LL |     println!("{x} {x:?} {x}", x = DisplayOnly);
   |     ^^^^^^^^^^^^^^^^^^^^^^^^^^^^^^^^^^^^^^^^^^ `DisplayOnly` cannot be formatted using `{:?}`
   |
   = help: the trait `Debug` is not implemented for `DisplayOnly`
   = note: add `#[derive(Debug)]` to `DisplayOnly` or manually `impl Debug for DisplayOnly`
   = help: the following other types implement trait `core::fmt::rt::FmtOp`:
             core::fmt::rt::FmtDisplay<T, F>
             core::fmt::rt::FmtDisplay<T, core::fmt::rt::End>
   = note: this error originates in the macro `$crate::format_args_nl` which comes from the expansion of the macro `println` (in Nightly builds, run with -Z macro-backtrace for more info)
help: consider annotating `DisplayOnly` with `#[derive(Debug)]`
   |
LL + #[derive(Debug)]
LL | struct DisplayOnly;
   |

error: aborting due to 8 previous errors

For more information about this error, try `rustc --explain E0277`.
